.\gradlew.bat : WARNING: A restricted 
method in java.lang.System has been ca
lled
At line:1 char:1
+ .\gradlew.bat build > build_output.t
xt 2>&1
+ ~~~~~~~~~~~~~~~~~~~~~~~~~~~~~~~~~~~~
~~~~~~~
    + CategoryInfo          : NotSp   
 ecified: (WARNING: A rest...has     b
een called:String) [], Remote    Excep
tion
    + FullyQualifiedErrorId : Nativ   
 eCommandError
 
WARNING: java.lang.System::load has be
en called by net.rubygrapefruit.platfo
rm.internal.NativeLibraryLoader in an 
unnamed module (file:/D:/Some/.gradle/
wrapper/dists/gradle-9.2.1-bin/2t0n5oz
lw9xmuyvbp7dnzaxug/gradle-9.2.1/lib/na
tive-platform-0.22-milestone-29.jar)
WARNING: Use --enable-native-access=AL
L-UNNAMED to avoid a warning for calle
rs in this module
WARNING: Restricted methods will be bl
ocked in a future release unless nativ
e access is enabled


> Configure project :
Fabric Loom: 1.14.10

> Task :compileJava FAILED
D:\YouTube\CYCM\src\main\java\org\craf
tllc\minecraft\mod\cycm\CYCMClient.jav
a:606: error: ClickEvent is abstract; 
cannot be instantiated
                                      
  .withClickEvent(new net.minecraft.te
xt.ClickEvent(net.minecraft.text.Click
Event.Action.OPEN_URL, url))
                                      
                  ^
1 error

[Incubating] Problems report is available at: file:///D:/YouTube/CYCM/build/reports/problems/problems-report.html

FAILURE: Build failed with an exceptio
n.

* What went wrong:
Execution failed for task ':compileJav
a'.
> Compilation failed; see the compiler
 output below.
  D:\YouTube\CYCM\src\main\java\org\cr
aftllc\minecraft\mod\cycm\CYCMClient.j
ava:606: error: ClickEvent is abstract
; cannot be instantiated
                                      
    .withClickEvent(new net.minecraft.
text.ClickEvent(net.minecraft.text.Cli
ckEvent.Action.OPEN_URL, url))
                                      
                    ^
  1 error

* Try:
> Check your code and dependencies to 
fix the compilation error(s)
> Run with --scan to generate a Build 
Scan (powered by Develocity).

Deprecated Gradle features were used in this build, making it incompatible with Gradle 10.

You can use '--warning-mode all' to show the individual deprecation warnings and determine if they come from your own scripts or plugins.

For more on this, please refer to https://docs.gradle.org/9.2.1/userguide/command_line_interface.html#sec:command_line_warnings in the Gradle documentation.

BUILD FAILED in 2s
1 actionable task: 1 executed
